Log file:

          false/false         true/false          true/true
3 Nodes   33.44919086347814   322.305600125879    64.25038798383605
4 Nodes   93.7955297091997    20030.217140268218  20023.40604160528
5 Nodes   189.27171276982344  20021.53111259188   20021.53111259188
